-- Remove unnecessary selector "BasicInner" --
package pkg

type MultiLevel struct{ BasicOuter }

func fnMulti() {
	var multi MultiLevel
	_ = multi.BasicOuter.F1 // want `could remove anonymous field "BasicOuter" from selector` `could remove anonymous field "BasicInner" from selector` `could simplify selectors`
	_ = multi.BasicOuter.F1 // want `could remove anonymous field "BasicOuter" from selector`
	_ = multi.F1            // want `could remove anonymous field "BasicInner" from selector`
	_ = multi.F1            // minimal form
}

-- Remove unnecessary selector "BasicOuter" --
package pkg

type MultiLevel struct{ BasicOuter }

func fnMulti() {
	var multi MultiLevel
	_ = multi.BasicInner.F1 // want `could remove anonymous field "BasicOuter" from selector` `could remove anonymous field "BasicInner" from selector` `could simplify selectors`
	_ = multi.F1            // want `could remove anonymous field "BasicOuter" from selector`
	_ = multi.BasicInner.F1 // want `could remove anonymous field "BasicInner" from selector`
	_ = multi.F1            // minimal form
}

-- Remove all unnecessary selectors --
package pkg

type MultiLevel struct{ BasicOuter }

func fnMulti() {
	var multi MultiLevel
	_ = multi.F1            // want `could remove anonymous field "BasicOuter" from selector` `could remove anonymous field "BasicInner" from selector` `could simplify selectors`
	_ = multi.BasicOuter.F1 // want `could remove anonymous field "BasicOuter" from selector`
	_ = multi.BasicInner.F1 // want `could remove anonymous field "BasicInner" from selector`
	_ = multi.F1            // minimal form
}
