-- Remove unnecessary selector "FunctionCallInner" --
package pkg

type FunctionCallOuter struct{ FunctionCallInner }
type FunctionCallInner struct {
	F8 func() FunctionCallContinuedOuter
}
type FunctionCallContinuedOuter struct{ FunctionCallContinuedInner }
type FunctionCallContinuedInner struct{ F9 int }

func fnCall() {
	var call FunctionCallOuter
	_ = call.F8().FunctionCallContinuedInner.F9 // want `could remove anonymous field "FunctionCallInner" from selector` `could remove anonymous field "FunctionCallContinuedInner" from selector` `could simplify selectors`
	_ = call.F8().F9                            // minimal form
}

-- Remove unnecessary selector "FunctionCallContinuedInner" --
package pkg

type FunctionCallOuter struct{ FunctionCallInner }
type FunctionCallInner struct {
	F8 func() FunctionCallContinuedOuter
}
type FunctionCallContinuedOuter struct{ FunctionCallContinuedInner }
type FunctionCallContinuedInner struct{ F9 int }

func fnCall() {
	var call FunctionCallOuter
	_ = call.FunctionCallInner.F8().F9 // want `could remove anonymous field "FunctionCallInner" from selector` `could remove anonymous field "FunctionCallContinuedInner" from selector` `could simplify selectors`
	_ = call.F8().F9                   // minimal form
}

-- Remove all unnecessary selectors --
package pkg

type FunctionCallOuter struct{ FunctionCallInner }
type FunctionCallInner struct {
	F8 func() FunctionCallContinuedOuter
}
type FunctionCallContinuedOuter struct{ FunctionCallContinuedInner }
type FunctionCallContinuedInner struct{ F9 int }

func fnCall() {
	var call FunctionCallOuter
	_ = call.F8().F9 // want `could remove anonymous field "FunctionCallInner" from selector` `could remove anonymous field "FunctionCallContinuedInner" from selector` `could simplify selectors`
	_ = call.F8().F9 // minimal form
}
